[horizon.bycolormelon.com/index.html]
[horizon.bycolormelon.com/cdn-cgi/apps/head/1QtkT_2zYhwCi9AQBjHNyKPP8gY.js]
[backblue.gif]
[fade.gif]
[index.html]
[horizon.bycolormelon.com/comments/feed/index.html]
[horizon.bycolormelon.com/feed/index.html]
[horizon.bycolormelon.com/wp-content/plugins/contact-form-7/includes/css/styles5560.css]
[horizon.bycolormelon.com/wp-content/plugins/gridable/public/css/gridable-style54f4.css]
[horizon.bycolormelon.com/wp-content/plugins/photection/public/resources/build/photection8a54.css]
[horizon.bycolormelon.com/wp-content/plugins/photography-portfolio/public/build/libs/photoswipe-ui8aee.css]
[horizon.bycolormelon.com/wp-content/plugins/photography-portfolio/public/build/libs/photoswipe8aee.css]
[horizon.bycolormelon.com/wp-content/plugins/photography-portfolio/public/build/photography-portfolio1f93.css]
[horizon.bycolormelon.com/wp-content/themes/horizon-portfolio/assets/build/app1f93.css]
[horizon.bycolormelon.com/wp-includes/js/jquery/jquery-migrate.min330a.js]
[horizon.bycolormelon.com/wp-content/plugins/gridable/public/js/gridable-scripts54f4.js]
[horizon.bycolormelon.com/wp-includes/js/jquery/jqueryb8ff.js]
[horizon.bycolormelon.com/xmlrpc0db0.php]
[horizon.bycolormelon.com/wp-json/index.html]
[horizon.bycolormelon.com/wp-includes/wlwmanifest.xml]
[horizon.bycolormelon.com/wp-content/uploads/2017/05/cropped-favicon-512px-32x32.png]
[horizon.bycolormelon.com/wp-content/uploads/2017/05/cropped-favicon-512px-192x192.png]
[horizon.bycolormelon.com/wp-content/uploads/2017/05/cropped-favicon-512px-180x180.png]
[horizon.bycolormelon.com/wp-content/uploads/2017/04/clem-onojeghuo-113867-770x1200.jpg]
[horizon.bycolormelon.com/wp-content/uploads/2017/04/wesley-tingey-223059-770x1200.jpg]
[horizon.bycolormelon.com/portfolio/project-red/index.html]
[horizon.bycolormelon.com/index106a.html]
[horizon.bycolormelon.com/wp-content/uploads/2017/04/shubham-sharma-224917-770x1200.jpg]
[horizon.bycolormelon.com/portfolio/drive/index.html]
[horizon.bycolormelon.com/wp-content/uploads/2017/04/joe-neric-223567-770x1200.jpg]
[horizon.bycolormelon.com/wp-content/uploads/2017/04/greg-rakozy-199744-770x1200.jpg]
[horizon.bycolormelon.com/portfolio/project-red/index1d58.html]
[horizon.bycolormelon.com/wp-content/uploads/2017/04/austin-neill-160129-770x1200.jpg]
[horizon.bycolormelon.com/portfolio/concerts/index1d58.html]
[horizon.bycolormelon.com/about-me/index.html]
[horizon.bycolormelon.com/wp-content/uploads/2017/04/marvin-ronsdorf-196913-770x1200.jpg]
[horizon.bycolormelon.com/about-me-2/index.html]
[horizon.bycolormelon.com/wp-content/themes/horizon-portfolio/assets/svg/arrow-left.svg]
[horizon.bycolormelon.com/services/index.html]
[horizon.bycolormelon.com/wp-content/themes/horizon-portfolio/assets/svg/arrow-right.svg]
[horizon.bycolormelon.com/testimonials/index.html]
[scontent-dfw5-1.cdninstagram.com/vp/1c63c798a90872f5229ad79b0d9d75ae/5D6A3853/t51.2885-15/sh0.08/e35/s640x640/54512962_407164950070833_6183871433940730218_nff55.jpg]
[scontent-dfw5-1.cdninstagram.com/vp/0b1a55192b54359fae1462c176481214/5D5B3096/t51.2885-15/sh0.08/e35/s640x640/50051959_2517913761583563_65927437097387283_nff55.jpg]
[horizon.bycolormelon.com/blog/index.html]
[horizon.bycolormelon.com/blog/index3d6d.html]
[scontent-dfw5-1.cdninstagram.com/vp/45f9e05ebb1cda39f18654a2f61e4da2/5D6CA117/t51.2885-15/sh0.08/e35/s640x640/46988085_154044945562264_6497536504570381885_nff55.jpg]
[horizon.bycolormelon.com/blog/index3959.html]
[scontent-dfw5-1.cdninstagram.com/vp/e401bb2eb56f126216b7c0c40e8b3887/5D6AACD2/t51.2885-15/sh0.08/e35/s640x640/43060688_1523493387752012_2067092593084860478_nff55.jpg]
[horizon.bycolormelon.com/blog/index3a66.html]
[horizon.bycolormelon.com/flea-market-in-lyon/index.html]
[scontent-dfw5-1.cdninstagram.com/vp/e6eafce73e244a40996b0ed6cf0be1a4/5D702D13/t51.2885-15/sh0.08/e35/s640x640/42955147_617066908695984_1359497126792461365_nff55.jpg]
[horizon.bycolormelon.com/contact-me/index.html]
[scontent-dfw5-1.cdninstagram.com/vp/c3ccf9d75f3fe0527ada520e427bc9fa/5D60780F/t51.2885-15/sh0.08/e35/s640x640/41369648_2259707087391323_1528467703919191187_nff55.jpg]
[horizon.bycolormelon.com/portfolio/concerts/index.html]
[scontent-dfw5-1.cdninstagram.com/vp/62bb7a7009604ce2108250ac65da6447/5D5DF3D9/t51.2885-15/sh0.08/e35/s640x640/42173847_1167841893364853_9031937841886508166_nff55.jpg]
[horizon.bycolormelon.com/portfolio/festivals/index.html]
[horizon.bycolormelon.com/portfolio/move/index.html]
[scontent-dfw5-1.cdninstagram.com/vp/c9d4ed6a1d84364ae968d9ad4b6f9384/5D602F90/t51.2885-15/sh0.08/e35/s640x640/42158156_297149397553325_4079393919247882324_nff55.jpg]
[horizon.bycolormelon.com/portfolio/water-is-life/index.html]
[scontent-dfw5-1.cdninstagram.com/vp/682474a2ed2cf829d68904e8cc9dec7e/5D66D9F5/t51.2885-15/sh0.08/e35/s640x640/41636011_240186119991892_7529781915499056182_nff55.jpg]
[horizon.bycolormelon.com/portfolio/be-first/index.html]
[horizon.bycolormelon.com/cdn-cgi/l/email-protection.html]
[horizon.bycolormelon.com/wp-content/uploads/2017/05/smoke-img.jpg]
[horizon.bycolormelon.com/wp-content/uploads/2017/05/Smoke_Dark_11_Videvo.webm]
[horizon.bycolormelon.com/wp-content/uploads/2017/05/Smoke_Dark_11_Videvo-1.mp4]
[horizon.bycolormelon.com/wp-content/uploads/2017/05/welcome-logo.png]
[horizon.bycolormelon.com/cdn-cgi/scripts/5c5dd728/cloudflare-static/email-decode.min.js]
[horizon.bycolormelon.com/wp-content/plugins/contact-form-7/includes/js/scripts5560.js]
[horizon.bycolormelon.com/wp-content/plugins/photection/public/resources/build/photection8a54.js]
[horizon.bycolormelon.com/wp-content/plugins/photography-portfolio/public/build/libs/photoswipe-ui8aee.js]
[horizon.bycolormelon.com/wp-content/plugins/photography-portfolio/public/build/libs/photoswipe8aee.js]
[horizon.bycolormelon.com/wp-includes/js/imagesloaded.min55a0.js]
[horizon.bycolormelon.com/wp-content/plugins/photography-portfolio/public/build/libs/wp-js-hooks8a54.js]
[horizon.bycolormelon.com/wp-content/plugins/photography-portfolio/public/build/photography-portfoliob493.js]
[horizon.bycolormelon.com/wp-includes/js/underscore.min4511.js]
[horizon.bycolormelon.com/wp-includes/js/wp-embed.min1f93.js]
[horizon.bycolormelon.com/index.html]
[www.googletagmanager.com/gtm5445.html]
[horizon.bycolormelon.com/wp-content/plugins/contact-form-7/images/ajax-loader.gif]
[horizon.bycolormelon.com/wp-content/plugins/contact-form-7/includes/css/styles5560.css]
[horizon.bycolormelon.com/wp-content/plugins/gridable/public/css/gridable-style54f4.css]
[horizon.bycolormelon.com/wp-content/plugins/photection/public/resources/build/photection8a54.css]
[horizon.bycolormelon.com/wp-content/plugins/photography-portfolio/public/build/img/photoswipe/default-skin.png]
[horizon.bycolormelon.com/wp-content/plugins/photography-portfolio/public/build/img/photoswipe/default-skin.svg]
[horizon.bycolormelon.com/wp-content/plugins/photography-portfolio/public/build/libs/preloader.gif]
[horizon.bycolormelon.com/wp-content/plugins/photography-portfolio/public/build/libs/photoswipe-ui8aee.css]
[horizon.bycolormelon.com/wp-content/plugins/photography-portfolio/public/build/libs/photoswipe8aee.css]
[horizon.bycolormelon.com/wp-content/plugins/photography-portfolio/public/build/photography-portfolio1f93.css]
[horizon.bycolormelon.com/wp-content/themes/horizon-portfolio/assets/build/app.min.js]
[horizon.bycolormelon.com/wp-content/themes/horizon-portfolio/assets/build/overlays/02.png]
[horizon.bycolormelon.com/wp-content/themes/horizon-portfolio/assets/build/app1f93.css]
[horizon.bycolormelon.com/index106a.html]
[horizon.bycolormelon.com/wp-json/oembed/1.0/embedc7ac.json]
[horizon.bycolormelon.com/wp-json/oembed/1.0/embed1501]
[horizon.bycolormelon.com/wp-content/uploads/2017/04/david-straight-37577-1024x683.jpg]
[horizon.bycolormelon.com/wp-content/uploads/2017/04/clem-onojeghuo-113867-1024x683.jpg]
[horizon.bycolormelon.com/wp-content/uploads/2017/04/clem-onojeghuo-223927-683x1024.jpg]
[horizon.bycolormelon.com/wp-content/uploads/2017/04/clem-onojeghuo-222411-683x1024.jpg]
[horizon.bycolormelon.com/wp-content/uploads/2017/04/clem-onojeghuo-245622-683x1024.jpg]
[horizon.bycolormelon.com/wp-content/uploads/2017/04/clem-onojeghuo-245624-683x1024.jpg]
[horizon.bycolormelon.com/wp-content/uploads/2017/04/clem-onojeghuo-218549-1024x683.jpg]
[horizon.bycolormelon.com/wp-content/uploads/2017/04/clem-onojeghuo-223063-683x1024.jpg]
[horizon.bycolormelon.com/wp-content/uploads/2017/04/clem-onojeghuo-218551-1024x716.jpg]
[horizon.bycolormelon.com/wp-content/uploads/2017/04/clem-onojeghuo-222414-638x1024.jpg]
[horizon.bycolormelon.com/wp-content/uploads/2017/04/arkady-lifshits-135921-1024x682.jpg]
[horizon.bycolormelon.com/wp-content/uploads/2017/04/wesley-tingey-223059.jpg]
[horizon.bycolormelon.com/portfolio/project-red/index.html]
[horizon.bycolormelon.com/wp-json/oembed/1.0/embed2f50.json]
[horizon.bycolormelon.com/wp-json/oembed/1.0/embed5b09]
[horizon.bycolormelon.com/wp-content/uploads/2017/04/gabriel-gurrola-125352-1024x446.jpg]
[horizon.bycolormelon.com/wp-content/uploads/2017/04/gabriel-gurrola-125349-1024x440.jpg]
[horizon.bycolormelon.com/wp-content/uploads/2017/04/benjamin-child-16017-1024x683.jpg]
[horizon.bycolormelon.com/wp-content/uploads/2017/04/bady-qb-42775-1024x678.jpg]
[horizon.bycolormelon.com/wp-content/uploads/2017/04/gabriel-sanchez-784-1024x683.jpg]
[horizon.bycolormelon.com/wp-content/uploads/2017/04/joe-neric-223567-683x1024.jpg]
[horizon.bycolormelon.com/wp-content/uploads/2017/04/abigail-keenan-17655-1024x683.jpg]
[horizon.bycolormelon.com/wp-content/uploads/2017/04/nicolai-berntsen-19116-1024x683.jpg]
[horizon.bycolormelon.com/wp-content/uploads/2017/04/hans-m-64070-1024x612.jpg]
[horizon.bycolormelon.com/wp-content/uploads/2017/04/greg-rakozy-199744.jpg]
[horizon.bycolormelon.com/portfolio/drive/index.html]
[horizon.bycolormelon.com/wp-includes/js/masonry.mind617.js]
[horizon.bycolormelon.com/wp-includes/js/jquery/jquery.masonry.minef70.js]
[horizon.bycolormelon.com/portfolio/project-red/index1d58.html]
[horizon.bycolormelon.com/wp-json/oembed/1.0/embed90b1.json]
[horizon.bycolormelon.com/wp-json/oembed/1.0/embeda5fa]
[horizon.bycolormelon.com/wp-content/uploads/2017/04/wesley-tingey-223059-1024x683.jpg]
[horizon.bycolormelon.com/wp-content/uploads/2017/04/austin-neill-247047-1024x683.jpg]
[horizon.bycolormelon.com/wp-content/uploads/2017/04/austin-neill-247237-1024x683.jpg]
[horizon.bycolormelon.com/wp-content/uploads/2017/04/austin-neill-247234-1024x683.jpg]
[horizon.bycolormelon.com/wp-content/uploads/2017/04/austin-neill-213461-1024x683.jpg]
[horizon.bycolormelon.com/wp-content/uploads/2017/04/gabriel-gurrola-57447-1024x683.jpg]
[horizon.bycolormelon.com/wp-content/uploads/2017/04/gabriel-gurrola-57448-1024x683.jpg]
[horizon.bycolormelon.com/wp-content/uploads/2017/04/gabriel-gurrola-57459-1024x683.jpg]
[horizon.bycolormelon.com/wp-content/uploads/2017/04/ezra-jeffrey-77199-1024x683.jpg]
[horizon.bycolormelon.com/wp-content/uploads/2017/04/austin-neill-222823-1024x683.jpg]
[horizon.bycolormelon.com/wp-content/uploads/2017/04/nainoa-shizuru-80385-1024x683.jpg]
[horizon.bycolormelon.com/wp-content/uploads/2017/04/samuel-zeller-103111-1024x683.jpg]
[horizon.bycolormelon.com/portfolio/concerts/index1d58.html]
[horizon.bycolormelon.com/wp-json/oembed/1.0/embed6743.json]
[horizon.bycolormelon.com/wp-json/oembed/1.0/embedde66]
[horizon.bycolormelon.com/wp-content/uploads/2017/04/arkady-lifshits-135921.jpg]
[horizon.bycolormelon.com/wp-content/uploads/2017/04/clem-onojeghuo-151794-1024x767.jpg]
[horizon.bycolormelon.com/about-me/index.html]
[horizon.bycolormelon.com/wp-json/oembed/1.0/embed5b25.json]
[horizon.bycolormelon.com/wp-json/oembed/1.0/embed53e7]
[horizon.bycolormelon.com/wp-content/uploads/2017/04/clem-onojeghuo-151794.jpg]
[horizon.bycolormelon.com/about-me-2/index.html]
[horizon.bycolormelon.com/wp-json/oembed/1.0/embed4442.json]
[horizon.bycolormelon.com/wp-json/oembed/1.0/embed55be]
[horizon.bycolormelon.com/wp-content/uploads/2017/04/clem-onojeghuo-223063-667x1000.jpg]
[horizon.bycolormelon.com/wp-content/uploads/2017/04/matthew-henry-213827-683x1024.jpg]
[horizon.bycolormelon.com/services/index.html]
[horizon.bycolormelon.com/wp-json/oembed/1.0/embed1d7c.json]
[horizon.bycolormelon.com/wp-json/oembed/1.0/embedd632]
[horizon.bycolormelon.com/wp-content/uploads/2017/04/shubham-sharma-224917-1024x683.jpg]
[horizon.bycolormelon.com/testimonials/index.html]
[horizon.bycolormelon.com/wp-content/uploads/2017/04/clem-onojeghuo-179397-640x427.jpg]
[horizon.bycolormelon.com/category/featured/index.html]
[horizon.bycolormelon.com/beautiful-typography/index.html]
[horizon.bycolormelon.com/wp-content/uploads/2017/04/wesley-tingey-223059-640x427.jpg]
[horizon.bycolormelon.com/category/events/index.html]
[horizon.bycolormelon.com/wp-content/uploads/2017/04/clem-onojeghuo-218549-640x427.jpg]
[horizon.bycolormelon.com/download-festival/index.html]
[horizon.bycolormelon.com/wp-content/uploads/2017/04/clem-onojeghuo-219190-640x407.jpg]
[horizon.bycolormelon.com/retro-car-show/index.html]
[horizon.bycolormelon.com/wp-content/uploads/2017/04/gabriel-gurrola-57459-640x427.jpg]
[horizon.bycolormelon.com/interview-with-andrew-green/index.html]
[horizon.bycolormelon.com/wp-content/uploads/2017/04/nainoa-shizuru-80385-640x427.jpg]
[horizon.bycolormelon.com/the-festival-season-has-begun/index.html]
[horizon.bycolormelon.com/blog/index.html]
[horizon.bycolormelon.com/wp-content/uploads/2017/04/clem-onojeghuo-179397-750x400.jpg]
[horizon.bycolormelon.com/wp-content/uploads/2017/04/wesley-tingey-223059-750x400.jpg]
[horizon.bycolormelon.com/wp-content/uploads/2017/04/clem-onojeghuo-218549-750x400.jpg]
[horizon.bycolormelon.com/wp-content/uploads/2017/04/clem-onojeghuo-219190-750x400.jpg]
[horizon.bycolormelon.com/wp-content/uploads/2017/04/gabriel-gurrola-57459-750x400.jpg]
[horizon.bycolormelon.com/wp-content/uploads/2017/04/nainoa-shizuru-80385-750x400.jpg]
[horizon.bycolormelon.com/blog/index3d6d.html]
[horizon.bycolormelon.com/wp-content/uploads/2017/04/clem-onojeghuo-179397.jpg]
[horizon.bycolormelon.com/wp-content/uploads/2017/04/clem-onojeghuo-218549.jpg]
[horizon.bycolormelon.com/wp-content/uploads/2017/04/clem-onojeghuo-219190.jpg]
[horizon.bycolormelon.com/wp-content/uploads/2017/04/gabriel-gurrola-57459.jpg]
[horizon.bycolormelon.com/wp-content/uploads/2017/04/nainoa-shizuru-80385.jpg]
[horizon.bycolormelon.com/blog/index3959.html]
[horizon.bycolormelon.com/blog/index3a66.html]
[horizon.bycolormelon.com/wp-json/oembed/1.0/embed31f3.json]
[horizon.bycolormelon.com/flea-market-in-lyon/feed/index.html]
[horizon.bycolormelon.com/wp-json/oembed/1.0/embed275e]
[horizon.bycolormelon.com/wp-content/uploads/2017/04/clem-onojeghuo-218549-1500x1000.jpg]
[horizon.bycolormelon.com/wp-content/uploads/2017/04/clem-onojeghuo-245622.jpg]
[horizon.bycolormelon.com/wp-content/uploads/2017/04/clem-onojeghuo-245624.jpg]
[horizon.bycolormelon.com/wp-content/uploads/2017/04/clem-onojeghuo-218551.jpg]
[horizon.bycolormelon.com/wp-content/uploads/2017/04/clem-onojeghuo-219190-1024x651.jpg]
[horizon.bycolormelon.com/wp-includes/js/comment-reply.min1f93.js]
[horizon.bycolormelon.com/flea-market-in-lyon/index.html]
[horizon.bycolormelon.com/wp-json/oembed/1.0/embeda2aa.json]
[horizon.bycolormelon.com/wp-json/oembed/1.0/embedb9dd]
[horizon.bycolormelon.com/wp-content/uploads/2017/04/brennan-ehrhardt-25066.jpg]
[horizon.bycolormelon.com/wp-content/uploads/2017/04/brennan-ehrhardt-25066-1024x1024.jpg]
[horizon.bycolormelon.com/contact-me/index.html]
[horizon.bycolormelon.com/wp-content/uploads/2017/04/shubham-sharma-224917.jpg]
[horizon.bycolormelon.com/portfolio/concerts/index.html]
[horizon.bycolormelon.com/wp-json/oembed/1.0/embedb2c0.json]
[horizon.bycolormelon.com/wp-json/oembed/1.0/embed21ad]
[horizon.bycolormelon.com/wp-content/uploads/2017/04/joshua-ness-104547-1024x683.jpg]
[horizon.bycolormelon.com/wp-content/uploads/2017/04/michael-benz-232499-1024x683.jpg]
[horizon.bycolormelon.com/wp-content/uploads/2017/04/aranxa-esteve-130745-1024x684.jpg]
[horizon.bycolormelon.com/wp-content/uploads/2017/04/aranxa-esteve-130749-1024x684.jpg]
[horizon.bycolormelon.com/wp-content/uploads/2017/04/stephen-arnold-114252-1024x684.jpg]
[horizon.bycolormelon.com/wp-content/uploads/2017/04/joey-thompson-63366-1024x683.jpg]
[horizon.bycolormelon.com/wp-content/uploads/2017/04/clem-onojeghuo-186836-1024x733.jpg]
[horizon.bycolormelon.com/wp-content/uploads/2017/04/samuel-dixon-119916-1024x684.jpg]
[horizon.bycolormelon.com/wp-content/uploads/2017/04/emma-dau-140010-1024x682.jpg]
[horizon.bycolormelon.com/wp-content/uploads/2017/04/joe-neric-223567.jpg]
[horizon.bycolormelon.com/portfolio/festivals/index.html]
[horizon.bycolormelon.com/wp-json/oembed/1.0/embedc216.json]
[horizon.bycolormelon.com/wp-json/oembed/1.0/embed6795]
[horizon.bycolormelon.com/wp-content/uploads/2017/04/austin-neill-212191-1024x683.jpg]
[horizon.bycolormelon.com/wp-content/uploads/2017/04/austin-neill-212193-1024x683.jpg]
[horizon.bycolormelon.com/wp-content/uploads/2017/04/greg-rakozy-199744-683x1024.jpg]
[horizon.bycolormelon.com/wp-content/uploads/2017/04/greg-rakozy-199745-683x1024.jpg]
[horizon.bycolormelon.com/wp-content/uploads/2017/04/soroush-karimi-222948-683x1024.jpg]
[horizon.bycolormelon.com/wp-content/uploads/2017/04/nicolas-picard-208276-1024x683.jpg]
[horizon.bycolormelon.com/wp-content/uploads/2017/04/roya-ann-miller-7303-1024x683.jpg]
[horizon.bycolormelon.com/wp-content/uploads/2017/04/autumn-goodman-242813-681x1024.jpg]
[horizon.bycolormelon.com/wp-content/uploads/2017/04/austin-neill-143200-1024x683.jpg]
[horizon.bycolormelon.com/wp-content/uploads/2017/04/austin-neill-160129-1024x683.jpg]
[horizon.bycolormelon.com/wp-content/uploads/2017/04/austin-neill-139496-1024x683.jpg]
[horizon.bycolormelon.com/wp-content/uploads/2017/04/austin-neill-247038-1024x683.jpg]
[horizon.bycolormelon.com/wp-content/uploads/2017/04/pierre-saladin-199032-1024x600.jpg]
[horizon.bycolormelon.com/wp-content/uploads/2017/04/joshua-ness-120039-1024x819.jpg]
[horizon.bycolormelon.com/wp-content/uploads/2017/04/austin-neill-95706-1024x683.jpg]
[horizon.bycolormelon.com/wp-content/uploads/2017/04/austin-neill-247036-1024x683.jpg]
[horizon.bycolormelon.com/wp-content/uploads/2017/04/austin-neill-159602-1024x685.jpg]
[horizon.bycolormelon.com/wp-content/uploads/2017/04/abigail-keenan-17652-1024x683.jpg]
[horizon.bycolormelon.com/wp-content/uploads/2017/04/abigail-keenan-3926-1024x683.jpg]
[horizon.bycolormelon.com/wp-content/uploads/2017/04/austin-neill-160129.jpg]
[horizon.bycolormelon.com/portfolio/move/index.html]
[horizon.bycolormelon.com/wp-json/oembed/1.0/embedf217.json]
[horizon.bycolormelon.com/wp-json/oembed/1.0/embede5f2]
[horizon.bycolormelon.com/wp-content/uploads/2017/04/jens-herrndorff-159791-1024x683.jpg]
[horizon.bycolormelon.com/wp-content/uploads/2017/04/seth-doyle-151914-1024x675.jpg]
[horizon.bycolormelon.com/wp-content/uploads/2017/04/ishan-seefromthesky-234236-682x1024.jpg]
[horizon.bycolormelon.com/wp-content/uploads/2017/04/marvin-ronsdorf-196913.jpg]
[horizon.bycolormelon.com/portfolio/water-is-life/index.html]
[horizon.bycolormelon.com/wp-json/oembed/1.0/embed1174.json]
[horizon.bycolormelon.com/wp-json/oembed/1.0/embed7acb]
[horizon.bycolormelon.com/wp-content/uploads/2017/04/marvin-ronsdorf-196913-1021x1024.jpg]
[horizon.bycolormelon.com/wp-content/uploads/2017/04/chanan-greenblatt-50113-1024x769.jpg]
[horizon.bycolormelon.com/wp-content/uploads/2017/04/keith-johnston-221964-683x1024.jpg]
[horizon.bycolormelon.com/wp-content/uploads/2017/04/clem-onojeghuo-113867.jpg]
[horizon.bycolormelon.com/portfolio/be-first/index.html]
[horizon.bycolormelon.com/wp-content/themes/horizon-portfolio/assets/svg/arrow-left.svg]
[horizon.bycolormelon.com/wp-content/themes/horizon-portfolio/assets/svg/arrow-right.svg]
[horizon.bycolormelon.com/cdn-cgi/l/email-protection.html]
[horizon.bycolormelon.com/wp-content/plugins/photography-portfolio/public/build/img/photoswipe/default-skin.svg]
[horizon.bycolormelon.com/wp-content/plugins/photography-portfolio/public/build/libs/preloader.html]
[horizon.bycolormelon.com/wp-content/themes/horizon-portfolio/assets/build/overlays/02.html]
[horizon.bycolormelon.com/index28c5.html]
[horizon.bycolormelon.com/index85b3.html]
[horizon.bycolormelon.com/index153d.html]
[horizon.bycolormelon.com/indexa8b8.html]
[horizon.bycolormelon.com/indexc544.html]
[horizon.bycolormelon.com/index5c97.html]
[horizon.bycolormelon.com/index1422.html]
[horizon.bycolormelon.com/category/featured/index.html]
[horizon.bycolormelon.com/wp-content/uploads/2017/05/Smoke_Dark_11_Videvo.webm]
[horizon.bycolormelon.com/category/featured/feed/index.html]
[horizon.bycolormelon.com/wp-json/oembed/1.0/embed51da.json]
[horizon.bycolormelon.com/beautiful-typography/feed/index.html]
[horizon.bycolormelon.com/wp-json/oembed/1.0/embed8454]
[horizon.bycolormelon.com/wp-content/uploads/2017/04/clem-onojeghuo-179397-1024x683.jpg]
[horizon.bycolormelon.com/wp-content/uploads/2017/04/clem-onojeghuo-179397-1500x1000.jpg]
[horizon.bycolormelon.com/wp-content/uploads/2017/04/small-1.jpg]
[horizon.bycolormelon.com/beautiful-typography/index.html]
[horizon.bycolormelon.com/portfolio/index.html]
[horizon.bycolormelon.com/category/events/index.html]
[horizon.bycolormelon.com/category/events/feed/index.html]
[horizon.bycolormelon.com/wp-json/oembed/1.0/embed774c.json]
[horizon.bycolormelon.com/download-festival/feed/index.html]
[horizon.bycolormelon.com/wp-json/oembed/1.0/embed00cf]
[horizon.bycolormelon.com/wp-content/uploads/2017/04/wesley-tingey-223059-1500x1000.jpg]
[horizon.bycolormelon.com/wp-content/uploads/2017/04/austin-neill-247237.jpg]
[horizon.bycolormelon.com/wp-content/uploads/2017/04/austin-neill-247234.jpg]
[horizon.bycolormelon.com/wp-content/uploads/2017/04/samuel-zeller-103111.jpg]
[horizon.bycolormelon.com/wp-content/uploads/2017/04/austin-neill-247047.jpg]
[horizon.bycolormelon.com/wp-content/uploads/2017/04/joshua-ness-104547.jpg]
[horizon.bycolormelon.com/download-festival/index.html]
[horizon.bycolormelon.com/download-festival/index6809.html]
[horizon.bycolormelon.com/wp-json/oembed/1.0/embed4a4a.json]
[horizon.bycolormelon.com/retro-car-show/feed/index.html]
[horizon.bycolormelon.com/wp-json/oembed/1.0/embeda9b4]
[horizon.bycolormelon.com/wp-content/uploads/2017/04/clem-onojeghuo-219190-1573x1000.jpg]
[horizon.bycolormelon.com/wp-content/uploads/2017/04/david-straight-37577.jpg]
[horizon.bycolormelon.com/wp-content/uploads/2017/04/zed-kolk-43128.jpg]
[horizon.bycolormelon.com/wp-content/uploads/2017/04/timothee-magli-42152.jpg]
[horizon.bycolormelon.com/retro-car-show/index.html]
[horizon.bycolormelon.com/wp-json/oembed/1.0/embed2de7.json]
[horizon.bycolormelon.com/interview-with-andrew-green/feed/index.html]
[horizon.bycolormelon.com/wp-json/oembed/1.0/embedafc9]
[horizon.bycolormelon.com/wp-content/uploads/2017/04/gabriel-gurrola-57459-1500x1000.jpg]
[horizon.bycolormelon.com/interview-with-andrew-green/index.html]
[horizon.bycolormelon.com/wp-json/oembed/1.0/embeda3f0.json]
[horizon.bycolormelon.com/the-festival-season-has-begun/feed/index.html]
[horizon.bycolormelon.com/wp-json/oembed/1.0/embede481]
[horizon.bycolormelon.com/wp-content/uploads/2017/04/nainoa-shizuru-80385-1500x1000.jpg]
[horizon.bycolormelon.com/wp-content/uploads/2017/04/aranxa-esteve-130749.jpg]
[horizon.bycolormelon.com/wp-content/uploads/2017/04/stephen-arnold-114252.jpg]
[horizon.bycolormelon.com/wp-content/uploads/2017/04/michael-benz-232499.jpg]
[horizon.bycolormelon.com/wp-content/uploads/2017/04/ezra-jeffrey-77199.jpg]
[horizon.bycolormelon.com/the-festival-season-has-begun/index.html]
[horizon.bycolormelon.com/index4659.html]
[horizon.bycolormelon.com/xmlrpc.php]
[horizon.bycolormelon.com/index0735.html]
[horizon.bycolormelon.com/indexbbbf.html]
[horizon.bycolormelon.com/indexc8fa.html]
[horizon.bycolormelon.com/indexf45e.html]
[horizon.bycolormelon.com/indexd1c3.html]
[horizon.bycolormelon.com/index2df4.html]
[horizon.bycolormelon.com/portfolio/index.html]
[horizon.bycolormelon.com/indexcff1.html]
[horizon.bycolormelon.com/download-festival/index6809.html]
[horizon.bycolormelon.com/index156c.html]
[horizon.bycolormelon.com/index4580.html]
[horizon.bycolormelon.com/index9873.html]
[horizon.bycolormelon.com/portfolio/feed/index.html]
