[crypton.trading/index.html]
[backblue.gif]
[fade.gif]
[index.html]
[crypton.trading/crypton/favicon.ico]
[crypton.trading/crypton/favicon.png]
[crypton.trading/crypton/apple-touch-icon.png]
[crypton.trading/crypton/apple-touch-icon-57x57.png]
[crypton.trading/crypton/apple-touch-icon-60x60.png]
[crypton.trading/crypton/apple-touch-icon-72x72.png]
[crypton.trading/crypton/apple-touch-icon-76x76.png]
[crypton.trading/crypton/apple-touch-icon-114x114.png]
[crypton.trading/crypton/apple-touch-icon-120x120.png]
[crypton.trading/crypton/apple-touch-icon-144x144.png]
[crypton.trading/crypton/apple-touch-icon-152x152.png]
[crypton.trading/crypton/apple-touch-icon-180x180.png]
[crypton.trading/crypton/android-chrome-36x36.png]
[crypton.trading/crypton/android-chrome-48x48.png]
[crypton.trading/crypton/android-chrome-72x72.png]
[crypton.trading/crypton/android-chrome-96x96.png]
[crypton.trading/crypton/android-chrome-144x144.png]
[crypton.trading/crypton/android-chrome-192x192.png]
[crypton.trading/crypton/favicon-16x16.png]
[crypton.trading/crypton/favicon-32x32.png]
[crypton.trading/crypton/favicon-96x96.png]
[crypton.trading/crypton/site.webmanifest]
[crypton.trading/assets/crypton-e2100b8f52baadf0cf8f44121317748de44ec2c7ebb329ee49e339e29d72a4a9.css]
[crypton.trading/assets/crypton-7c67319ce3fd5456d6fa2163cac3eeab260c1920e41d5a1a6fadabb63928ec26.js]
[crypton.trading/index.html]
[crypton.trading/crypton/safari-pinned-tab.svg]
[crypton.trading/assets/crypton-e2100b8f52baadf0cf8f44121317748de44ec2c7ebb329ee49e339e29d72a4a9.css]
[mc.yandex.ru/metrika/watch.js]
